
Discarded input sections

 .data          0x00000000        0x0 out/main.o
 .bss           0x00000000        0x0 out/main.o
 .text          0x00000000        0x0 out/startup.o
 .data          0x00000000        0x0 out/startup.o
 .bss           0x00000000        0x0 out/startup.o
 .comment       0x00000000       0x47 out/startup.o
 .ARM.attributes
                0x00000000       0x2e out/startup.o

Memory Configuration

Name             Origin             Length             Attributes
FLASH            0x00000000         0x00400000         xr
RAM              0x20000000         0x00400000         xrw
*default*        0x00000000         0xffffffff

Linker script and memory map

LOAD out/main.o
LOAD out/startup.o
                0x20400000                        _estack = (ORIGIN (RAM) + LENGTH (RAM))

.isr_vector     0x00000000       0x10
 *(.isr_vector)
 .isr_vector    0x00000000       0x10 out/main.o
                0x00000000                vector_table

.text           0x00000010       0xa2
 *(.text*)
 .text          0x00000010       0x40 out/main.o
                0x00000010                HardFault_Handler
                0x00000010                NMI_Handler
                0x00000010                Default_Handler
                0x00000012                Reset_Handler
 .text.startup  0x00000050       0x38 out/main.o
                0x00000050                main
 *(.rodata*)
 .rodata.str1.1
                0x00000088       0x2a out/main.o
 *(.glue_7)
 .glue_7        0x000000b2        0x0 linker stubs
 *(.glue_7t)
 .glue_7t       0x000000b2        0x0 linker stubs
 *(.eh_frame*)

.vfp11_veneer   0x000000b4        0x0
 .vfp11_veneer  0x000000b4        0x0 linker stubs

.v4_bx          0x000000b4        0x0
 .v4_bx         0x000000b4        0x0 linker stubs

.iplt           0x000000b4        0x0
 .iplt          0x000000b4        0x0 out/main.o

.rel.dyn        0x000000b4        0x0
 .rel.iplt      0x000000b4        0x0 out/main.o

.data           0x20000000        0x0 load address 0x000000b2
                0x20000000                        _sdata = .
 *(.data*)
                0x20000000                        _edata = .
                0x000000b2                        _sidata = LOADADDR (.data)

.igot.plt       0x20000000        0x0
 .igot.plt      0x20000000        0x0 out/main.o

.bss            0x20000000        0x0
                0x20000000                        _sbss = .
 *(.bss*)
 *(COMMON)
                0x20000000                        _ebss = .
OUTPUT(out/app.elf elf32-littlearm)
LOAD linker stubs

.comment        0x00000000       0x46
 .comment       0x00000000       0x46 out/main.o
                                 0x47 (size before relaxing)

.ARM.attributes
                0x00000000       0x2e
 .ARM.attributes
                0x00000000       0x2e out/main.o
